Archive member included to satisfy reference by file (symbol)

/Applications/Ac6/SystemWorkbench.app/Contents/Eclipse/plugins/fr.ac6.mcu.externaltools.arm-none.macos64_1.17.0.201812190825/tools/compiler/bin/../lib/gcc/arm-none-eabi/7.3.1/thumb/v6-m/libgcc.a(_udivsi3.o)
                              Drivers/STM32F0xx_HAL_Driver/Src/stm32f0xx_hal.o (__aeabi_uidiv)
/Applications/Ac6/SystemWorkbench.app/Contents/Eclipse/plugins/fr.ac6.mcu.externaltools.arm-none.macos64_1.17.0.201812190825/tools/compiler/bin/../lib/gcc/arm-none-eabi/7.3.1/thumb/v6-m/libgcc.a(_divsi3.o)
                              Drivers/STM32F0xx_HAL_Driver/Src/stm32f0xx_hal.o (__aeabi_idiv)
/Applications/Ac6/SystemWorkbench.app/Contents/Eclipse/plugins/fr.ac6.mcu.externaltools.arm-none.macos64_1.17.0.201812190825/tools/compiler/bin/../lib/gcc/arm-none-eabi/7.3.1/thumb/v6-m/libgcc.a(_dvmd_tls.o)
                              /Applications/Ac6/SystemWorkbench.app/Contents/Eclipse/plugins/fr.ac6.mcu.externaltools.arm-none.macos64_1.17.0.201812190825/tools/compiler/bin/../lib/gcc/arm-none-eabi/7.3.1/thumb/v6-m/libgcc.a(_udivsi3.o) (__aeabi_idiv0)
/Applications/Ac6/SystemWorkbench.app/Contents/Eclipse/plugins/fr.ac6.mcu.externaltools.arm-none.macos64_1.17.0.201812190825/tools/compiler/bin/../lib/gcc/arm-none-eabi/7.3.1/../../../../arm-none-eabi/lib/thumb/v6-m/libc_nano.a(lib_a-errno.o)
                              Src/syscalls.o (__errno)
/Applications/Ac6/SystemWorkbench.app/Contents/Eclipse/plugins/fr.ac6.mcu.externaltools.arm-none.macos64_1.17.0.201812190825/tools/compiler/bin/../lib/gcc/arm-none-eabi/7.3.1/../../../../arm-none-eabi/lib/thumb/v6-m/libc_nano.a(lib_a-exit.o)
                              /Applications/Ac6/SystemWorkbench.app/Contents/Eclipse/plugins/fr.ac6.mcu.externaltools.arm-none.macos64_1.17.0.201812190825/tools/compiler/bin/../lib/gcc/arm-none-eabi/7.3.1/../../../../arm-none-eabi/lib/thumb/v6-m/crt0.o (exit)
/Applications/Ac6/SystemWorkbench.app/Contents/Eclipse/plugins/fr.ac6.mcu.externaltools.arm-none.macos64_1.17.0.201812190825/tools/compiler/bin/../lib/gcc/arm-none-eabi/7.3.1/../../../../arm-none-eabi/lib/thumb/v6-m/libc_nano.a(lib_a-impure.o)
                              /Applications/Ac6/SystemWorkbench.app/Contents/Eclipse/plugins/fr.ac6.mcu.externaltools.arm-none.macos64_1.17.0.201812190825/tools/compiler/bin/../lib/gcc/arm-none-eabi/7.3.1/../../../../arm-none-eabi/lib/thumb/v6-m/libc_nano.a(lib_a-exit.o) (_global_impure_ptr)
/Applications/Ac6/SystemWorkbench.app/Contents/Eclipse/plugins/fr.ac6.mcu.externaltools.arm-none.macos64_1.17.0.201812190825/tools/compiler/bin/../lib/gcc/arm-none-eabi/7.3.1/../../../../arm-none-eabi/lib/thumb/v6-m/libc_nano.a(lib_a-init.o)
                              /Applications/Ac6/SystemWorkbench.app/Contents/Eclipse/plugins/fr.ac6.mcu.externaltools.arm-none.macos64_1.17.0.201812190825/tools/compiler/bin/../lib/gcc/arm-none-eabi/7.3.1/../../../../arm-none-eabi/lib/thumb/v6-m/crt0.o (__libc_init_array)
/Applications/Ac6/SystemWorkbench.app/Contents/Eclipse/plugins/fr.ac6.mcu.externaltools.arm-none.macos64_1.17.0.201812190825/tools/compiler/bin/../lib/gcc/arm-none-eabi/7.3.1/../../../../arm-none-eabi/lib/thumb/v6-m/libc_nano.a(lib_a-memset.o)
                              /Applications/Ac6/SystemWorkbench.app/Contents/Eclipse/plugins/fr.ac6.mcu.externaltools.arm-none.macos64_1.17.0.201812190825/tools/compiler/bin/../lib/gcc/arm-none-eabi/7.3.1/../../../../arm-none-eabi/lib/thumb/v6-m/crt0.o (memset)

Allocating common symbols
Common symbol       size              file

hdma_tim2_ch1       0x44              Src/main.o
uwTick              0x4               Drivers/STM32F0xx_HAL_Driver/Src/stm32f0xx_hal.o
pFlash              0x20              Drivers/STM32F0xx_HAL_Driver/Src/stm32f0xx_hal_flash.o
htim2               0x40              Src/main.o
huart2              0x80              Src/main.o

Discarded input sections

 .text          0x0000000000000000        0x0 /Applications/Ac6/SystemWorkbench.app/Contents/Eclipse/plugins/fr.ac6.mcu.externaltools.arm-none.macos64_1.17.0.201812190825/tools/compiler/bin/../lib/gcc/arm-none-eabi/7.3.1/thumb/v6-m/crti.o
 .data          0x0000000000000000        0x0 /Applications/Ac6/SystemWorkbench.app/Contents/Eclipse/plugins/fr.ac6.mcu.externaltools.arm-none.macos64_1.17.0.201812190825/tools/compiler/bin/../lib/gcc/arm-none-eabi/7.3.1/thumb/v6-m/crti.o
 .bss           0x0000000000000000        0x0 /Applications/Ac6/SystemWorkbench.app/Contents/Eclipse/plugins/fr.ac6.mcu.externaltools.arm-none.macos64_1.17.0.201812190825/tools/compiler/bin/../lib/gcc/arm-none-eabi/7.3.1/thumb/v6-m/crti.o
 .data          0x0000000000000000        0x4 /Applications/Ac6/SystemWorkbench.app/Contents/Eclipse/plugins/fr.ac6.mcu.externaltools.arm-none.macos64_1.17.0.201812190825/tools/compiler/bin/../lib/gcc/arm-none-eabi/7.3.1/thumb/v6-m/crtbegin.o
[...]
Memory Configuration

Name             Origin             Length             Attributes
RAM              0x0000000020000000 0x0000000000001800 xrw
FLASH            0x0000000008000000 0x0000000000008000 xr
*default*        0x0000000000000000 0xffffffffffffffff

Linker script and memory map

LOAD /Applications/Ac6/SystemWorkbench.app/Contents/Eclipse/plugins/fr.ac6.mcu.externaltools.arm-none.macos64_1.17.0.201812190825/tools/compiler/bin/../lib/gcc/arm-none-eabi/7.3.1/thumb/v6-m/crti.o
LOAD /Applications/Ac6/SystemWorkbench.app/Contents/Eclipse/plugins/fr.ac6.mcu.externaltools.arm-none.macos64_1.17.0.201812190825/tools/compiler/bin/../lib/gcc/arm-none-eabi/7.3.1/thumb/v6-m/crtbegin.o
LOAD /Applications/Ac6/SystemWorkbench.app/Contents/Eclipse/plugins/fr.ac6.mcu.externaltools.arm-none.macos64_1.17.0.201812190825/tools/compiler/bin/../lib/gcc/arm-none-eabi/7.3.1/../../../../arm-none-eabi/lib/thumb/v6-m/crt0.o
LOAD Drivers/STM32F0xx_HAL_Driver/Src/stm32f0xx_hal.o
LOAD Drivers/STM32F0xx_HAL_Driver/Src/stm32f0xx_hal_cortex.o
LOAD Drivers/STM32F0xx_HAL_Driver/Src/stm32f0xx_hal_dma.o
LOAD Drivers/STM32F0xx_HAL_Driver/Src/stm32f0xx_hal_exti.o
LOAD Drivers/STM32F0xx_HAL_Driver/Src/stm32f0xx_hal_flash.o
LOAD Drivers/STM32F0xx_HAL_Driver/Src/stm32f0xx_hal_flash_ex.o
LOAD Drivers/STM32F0xx_HAL_Driver/Src/stm32f0xx_hal_gpio.o
LOAD Drivers/STM32F0xx_HAL_Driver/Src/stm32f0xx_hal_i2c.o
LOAD Drivers/STM32F0xx_HAL_Driver/Src/stm32f0xx_hal_i2c_ex.o
LOAD Drivers/STM32F0xx_HAL_Driver/Src/stm32f0xx_hal_pwr.o
LOAD Drivers/STM32F0xx_HAL_Driver/Src/stm32f0xx_hal_pwr_ex.o
LOAD Drivers/STM32F0xx_HAL_Driver/Src/stm32f0xx_hal_rcc.o
LOAD Drivers/STM32F0xx_HAL_Driver/Src/stm32f0xx_hal_rcc_ex.o
LOAD Drivers/STM32F0xx_HAL_Driver/Src/stm32f0xx_hal_tim.o
LOAD Drivers/STM32F0xx_HAL_Driver/Src/stm32f0xx_hal_tim_ex.o
LOAD Drivers/STM32F0xx_HAL_Driver/Src/stm32f0xx_hal_uart.o
LOAD Drivers/STM32F0xx_HAL_Driver/Src/stm32f0xx_hal_uart_ex.o
LOAD Src/main.o
LOAD Src/sk6812.o
LOAD Src/stm32f0xx_hal_msp.o
LOAD Src/stm32f0xx_it.o
LOAD Src/syscalls.o
LOAD Src/system_stm32f0xx.o
LOAD startup/startup_stm32f042x6.o
LOAD /Applications/Ac6/SystemWorkbench.app/Contents/Eclipse/plugins/fr.ac6.mcu.externaltools.arm-none.macos64_1.17.0.201812190825/tools/compiler/bin/../lib/gcc/arm-none-eabi/7.3.1/../../../../arm-none-eabi/lib/thumb/v6-m/libm.a
START GROUP
LOAD /Applications/Ac6/SystemWorkbench.app/Contents/Eclipse/plugins/fr.ac6.mcu.externaltools.arm-none.macos64_1.17.0.201812190825/tools/compiler/bin/../lib/gcc/arm-none-eabi/7.3.1/thumb/v6-m/libgcc.a
LOAD /Applications/Ac6/SystemWorkbench.app/Contents/Eclipse/plugins/fr.ac6.mcu.externaltools.arm-none.macos64_1.17.0.201812190825/tools/compiler/bin/../lib/gcc/arm-none-eabi/7.3.1/../../../../arm-none-eabi/lib/thumb/v6-m/libc_nano.a
END GROUP
START GROUP
LOAD /Applications/Ac6/SystemWorkbench.app/Contents/Eclipse/plugins/fr.ac6.mcu.externaltools.arm-none.macos64_1.17.0.201812190825/tools/compiler/bin/../lib/gcc/arm-none-eabi/7.3.1/thumb/v6-m/libgcc.a
LOAD /Applications/Ac6/SystemWorkbench.app/Contents/Eclipse/plugins/fr.ac6.mcu.externaltools.arm-none.macos64_1.17.0.201812190825/tools/compiler/bin/../lib/gcc/arm-none-eabi/7.3.1/../../../../arm-none-eabi/lib/thumb/v6-m/libc_nano.a
LOAD /Applications/Ac6/SystemWorkbench.app/Contents/Eclipse/plugins/fr.ac6.mcu.externaltools.arm-none.macos64_1.17.0.201812190825/tools/compiler/bin/../lib/gcc/arm-none-eabi/7.3.1/../../../../arm-none-eabi/lib/thumb/v6-m/libnosys.a
END GROUP
START GROUP
LOAD /Applications/Ac6/SystemWorkbench.app/Contents/Eclipse/plugins/fr.ac6.mcu.externaltools.arm-none.macos64_1.17.0.201812190825/tools/compiler/bin/../lib/gcc/arm-none-eabi/7.3.1/thumb/v6-m/libgcc.a
LOAD /Applications/Ac6/SystemWorkbench.app/Contents/Eclipse/plugins/fr.ac6.mcu.externaltools.arm-none.macos64_1.17.0.201812190825/tools/compiler/bin/../lib/gcc/arm-none-eabi/7.3.1/../../../../arm-none-eabi/lib/thumb/v6-m/libc_nano.a
LOAD /Applications/Ac6/SystemWorkbench.app/Contents/Eclipse/plugins/fr.ac6.mcu.externaltools.arm-none.macos64_1.17.0.201812190825/tools/compiler/bin/../lib/gcc/arm-none-eabi/7.3.1/../../../../arm-none-eabi/lib/thumb/v6-m/libnosys.a
END GROUP
LOAD /Applications/Ac6/SystemWorkbench.app/Contents/Eclipse/plugins/fr.ac6.mcu.externaltools.arm-none.macos64_1.17.0.201812190825/tools/compiler/bin/../lib/gcc/arm-none-eabi/7.3.1/thumb/v6-m/crtend.o
LOAD /Applications/Ac6/SystemWorkbench.app/Contents/Eclipse/plugins/fr.ac6.mcu.externaltools.arm-none.macos64_1.17.0.201812190825/tools/compiler/bin/../lib/gcc/arm-none-eabi/7.3.1/thumb/v6-m/crtn.o
                0x0000000020001800                _estack = 0x20001800
                0x0000000000000200                _Min_Heap_Size = 0x200
                0x0000000000000400                _Min_Stack_Size = 0x400

.isr_vector     0x0000000008000000       0xc0
                0x0000000008000000                . = ALIGN (0x4)
 *(.isr_vector)
 .isr_vector    0x0000000008000000       0xc0 startup/startup_stm32f042x6.o
                0x0000000008000000                g_pfnVectors
                0x00000000080000c0                . = ALIGN (0x4)

.text           0x00000000080000c0     0x28f0
                0x00000000080000c0                . = ALIGN (0x4)
 *(.text)
 .text          0x00000000080000c0       0x48 /Applications/Ac6/SystemWorkbench.app/Contents/Eclipse/plugins/fr.ac6.mcu.externaltools.arm-none.macos64_1.17.0.201812190825/tools/compiler/bin/../lib/gcc/arm-none-eabi/7.3.1/thumb/v6-m/crtbegin.o
 .text          0x0000000008000108      0x114 /Applications/Ac6/SystemWorkbench.app/Contents/Eclipse/plugins/fr.ac6.mcu.externaltools.arm-none.macos64_1.17.0.201812190825/tools/compiler/bin/../lib/gcc/arm-none-eabi/7.3.1/thumb/v6-m/libgcc.a(_udivsi3.o)
                0x0000000008000108                __udivsi3
                0x0000000008000108                __aeabi_uidiv
                0x0000000008000214                __aeabi_uidivmod
 .text          0x000000000800021c        0x4 /Applications/Ac6/SystemWorkbench.app/Contents/Eclipse/plugins/fr.ac6.mcu.externaltools.arm-none.macos64_1.17.0.201812190825/tools/compiler/bin/../lib/gcc/arm-none-eabi/7.3.1/thumb/v6-m/libgcc.a(_dvmd_tls.o)
                0x000000000800021c                __aeabi_ldiv0
                0x000000000800021c                __aeabi_idiv0
 *(.text*)
 .text.HAL_InitTick
                0x0000000008000220       0x44 Drivers/STM32F0xx_HAL_Driver/Src/stm32f0xx_hal.o
                0x0000000008000220                HAL_InitTick
 .text.HAL_Init
                0x0000000008000264       0x20 Drivers/STM32F0xx_HAL_Driver/Src/stm32f0xx_hal.o
                0x0000000008000264                HAL_Init
 .text.HAL_IncTick
                0x0000000008000284       0x18 Drivers/STM32F0xx_HAL_Driver/Src/stm32f0xx_hal.o
                0x0000000008000284                HAL_IncTick
 .text.HAL_GetTick
                0x000000000800029c        0xc Drivers/STM32F0xx_HAL_Driver/Src/stm32f0xx_hal.o
                0x000000000800029c                HAL_GetTick
 .text.HAL_Delay
                0x00000000080002a8       0x24 Drivers/STM32F0xx_HAL_Driver/Src/stm32f0xx_hal.o
                0x00000000080002a8                HAL_Delay
 .text.HAL_NVIC_SetPriority
                0x00000000080002cc       0x58 Drivers/STM32F0xx_HAL_Driver/Src/stm32f0xx_hal_cortex.o
                0x00000000080002cc                HAL_NVIC_SetPriority
 .text.HAL_NVIC_EnableIRQ
                0x0000000008000324       0x18 Drivers/STM32F0xx_HAL_Driver/Src/stm32f0xx_hal_cortex.o
                0x0000000008000324                HAL_NVIC_EnableIRQ
 .text.HAL_SYSTICK_Config
                0x000000000800033c       0x38 Drivers/STM32F0xx_HAL_Driver/Src/stm32f0xx_hal_cortex.o
                0x000000000800033c                HAL_SYSTICK_Config
 .text.HAL_DMA_Init
                0x0000000008000374       0x68 Drivers/STM32F0xx_HAL_Driver/Src/stm32f0xx_hal_dma.o
                0x0000000008000374                HAL_DMA_Init
 .text.HAL_DMA_Start_IT
                0x00000000080003dc       0x80 Drivers/STM32F0xx_HAL_Driver/Src/stm32f0xx_hal_dma.o
                0x00000000080003dc                HAL_DMA_Start_IT
 .text.HAL_DMA_Abort_IT
                0x000000000800045c       0x48 Drivers/STM32F0xx_HAL_Driver/Src/stm32f0xx_hal_dma.o
                0x000000000800045c                HAL_DMA_Abort_IT
 .text.HAL_DMA_IRQHandler
                0x00000000080004a4       0x9c Drivers/STM32F0xx_HAL_Driver/Src/stm32f0xx_hal_dma.o
                0x00000000080004a4                HAL_DMA_IRQHandler
 .text.HAL_GPIO_Init
                0x0000000008000540      0x1cc Drivers/STM32F0xx_HAL_Driver/Src/stm32f0xx_hal_gpio.o
                0x0000000008000540                HAL_GPIO_Init
 .text.HAL_RCC_OscConfig
                0x000000000800070c      0x548 Drivers/STM32F0xx_HAL_Driver/Src/stm32f0xx_hal_rcc.o
                0x000000000800070c                HAL_RCC_OscConfig
 .text.HAL_RCC_ClockConfig
                0x0000000008000c54      0x1ac Drivers/STM32F0xx_HAL_Driver/Src/stm32f0xx_hal_rcc.o
                0x0000000008000c54                HAL_RCC_ClockConfig
 .text.HAL_RCC_GetSysClockFreq
                0x0000000008000e00       0x8c Drivers/STM32F0xx_HAL_Driver/Src/stm32f0xx_hal_rcc.o
                0x0000000008000e00                HAL_RCC_GetSysClockFreq
 .text.HAL_RCC_GetPCLK1Freq
                0x0000000008000e8c       0x20 Drivers/STM32F0xx_HAL_Driver/Src/stm32f0xx_hal_rcc.o
                0x0000000008000e8c                HAL_RCC_GetPCLK1Freq
 .text.HAL_TIM_Base_Init
                0x0000000008000eac       0xd4 Drivers/STM32F0xx_HAL_Driver/Src/stm32f0xx_hal_tim.o
                0x0000000008000eac                HAL_TIM_Base_Init
 .text.HAL_TIM_PWM_MspInit
                0x0000000008000f80        0x4 Drivers/STM32F0xx_HAL_Driver/Src/stm32f0xx_hal_tim.o
                0x0000000008000f80                HAL_TIM_PWM_MspInit
 .text.HAL_TIM_PWM_Init
                0x0000000008000f84       0xd4 Drivers/STM32F0xx_HAL_Driver/Src/stm32f0xx_hal_tim.o
                0x0000000008000f84                HAL_TIM_PWM_Init
 .text.HAL_TIM_PWM_Start_DMA
                0x0000000008001058      0x150 Drivers/STM32F0xx_HAL_Driver/Src/stm32f0xx_hal_tim.o
                0x0000000008001058                HAL_TIM_PWM_Start_DMA
 .text.HAL_TIM_PWM_Stop_DMA
                0x00000000080011a8       0xe8 Drivers/STM32F0xx_HAL_Driver/Src/stm32f0xx_hal_tim.o
                0x00000000080011a8                HAL_TIM_PWM_Stop_DMA
 .text.HAL_TIM_PWM_ConfigChannel
                0x0000000008001290      0x24c Drivers/STM32F0xx_HAL_Driver/Src/stm32f0xx_hal_tim.o
                0x0000000008001290                HAL_TIM_PWM_ConfigChannel
 .text.HAL_TIM_ConfigClockSource
                0x00000000080014dc      0x150 Drivers/STM32F0xx_HAL_Driver/Src/stm32f0xx_hal_tim.o
                0x00000000080014dc                HAL_TIM_ConfigClockSource
 .text.TIM_DMADelayPulseCplt
                0x000000000800162c       0x40 Drivers/STM32F0xx_HAL_Driver/Src/stm32f0xx_hal_tim.o
                0x000000000800162c                TIM_DMADelayPulseCplt
 .text.TIM_DMADelayPulseHalfCplt
                0x000000000800166c       0x40 Drivers/STM32F0xx_HAL_Driver/Src/stm32f0xx_hal_tim.o
                0x000000000800166c                TIM_DMADelayPulseHalfCplt
 .text.HAL_TIM_ErrorCallback
                0x00000000080016ac        0x4 Drivers/STM32F0xx_HAL_Driver/Src/stm32f0xx_hal_tim.o
                0x00000000080016ac                HAL_TIM_ErrorCallback
 .text.TIM_DMAError
                0x00000000080016b0       0x10 Drivers/STM32F0xx_HAL_Driver/Src/stm32f0xx_hal_tim.o
                0x00000000080016b0                TIM_DMAError
 .text.HAL_TIMEx_MasterConfigSynchronization
                0x00000000080016c0       0x60 Drivers/STM32F0xx_HAL_Driver/Src/stm32f0xx_hal_tim_ex.o
                0x00000000080016c0                HAL_TIMEx_MasterConfigSynchronization
 .text.UART_AdvFeatureConfig
                0x0000000008001720       0xd0 Drivers/STM32F0xx_HAL_Driver/Src/stm32f0xx_hal_uart.o
                0x0000000008001720                UART_AdvFeatureConfig
 .text.HAL_UART_Init
                0x00000000080017f0      0x2a8 Drivers/STM32F0xx_HAL_Driver/Src/stm32f0xx_hal_uart.o
                0x00000000080017f0                HAL_UART_Init
 .text.SystemClock_Config
                0x0000000008001a98       0x40 Src/main.o
                0x0000000008001a98                SystemClock_Config
 .text.startup.main
                0x0000000008001ad8      0x26c Src/main.o
                0x0000000008001ad8                main
 .text.hsl_to_rgb
                0x0000000008001d44      0x140 Src/main.o
                0x0000000008001d44                hsl_to_rgb
 .text.Error_Handler
                0x0000000008001e84        0x4 Src/main.o
                0x0000000008001e84                Error_Handler
 .text.led_set_RGB
                0x0000000008001e88       0x24 Src/sk6812.o
                0x0000000008001e88                led_set_RGB
 .text.led_render
                0x0000000008001eac      0x150 Src/sk6812.o
                0x0000000008001eac                led_render
 .text.HAL_TIM_PWM_PulseFinishedHalfCpltCallback
                0x0000000008001ffc      0x2d4 Src/sk6812.o
                0x0000000008001ffc                HAL_TIM_PWM_PulseFinishedHalfCpltCallback
 .text.HAL_TIM_PWM_PulseFinishedCallback
                0x00000000080022d0      0x470 Src/sk6812.o
                0x00000000080022d0                HAL_TIM_PWM_PulseFinishedCallback
 .text.HAL_MspInit
                0x0000000008002740       0x30 Src/stm32f0xx_hal_msp.o
                0x0000000008002740                HAL_MspInit
 .text.HAL_TIM_Base_MspInit
                0x0000000008002770       0x6c Src/stm32f0xx_hal_msp.o
                0x0000000008002770                HAL_TIM_Base_MspInit
 .text.HAL_TIM_MspPostInit
                0x00000000080027dc       0x4c Src/stm32f0xx_hal_msp.o
                0x00000000080027dc                HAL_TIM_MspPostInit
 .text.HAL_UART_MspInit
                0x0000000008002828       0x68 Src/stm32f0xx_hal_msp.o
                0x0000000008002828                HAL_UART_MspInit
 .text.NMI_Handler
                0x0000000008002890        0x4 Src/stm32f0xx_it.o
                0x0000000008002890                NMI_Handler
 .text.HardFault_Handler
                0x0000000008002894        0x4 Src/stm32f0xx_it.o
                0x0000000008002894                HardFault_Handler
 .text.SVC_Handler
                0x0000000008002898        0x4 Src/stm32f0xx_it.o
                0x0000000008002898                SVC_Handler
 .text.PendSV_Handler
                0x000000000800289c        0x4 Src/stm32f0xx_it.o
                0x000000000800289c                PendSV_Handler
 .text.SysTick_Handler
                0x00000000080028a0        0x8 Src/stm32f0xx_it.o
                0x00000000080028a0                SysTick_Handler
 .text.DMA1_Channel4_5_IRQHandler
                0x00000000080028a8       0x10 Src/stm32f0xx_it.o
                0x00000000080028a8                DMA1_Channel4_5_IRQHandler
 .text.SystemInit
                0x00000000080028b8        0x4 Src/system_stm32f0xx.o
                0x00000000080028b8                SystemInit
 .text.Reset_Handler
                0x00000000080028bc       0x80 startup/startup_stm32f042x6.o
                0x00000000080028bc                Reset_Handler
 .text.Default_Handler
                0x000000000800293c        0x2 startup/startup_stm32f042x6.o
                0x000000000800293c                TIM1_BRK_UP_TRG_COM_IRQHandler
                0x000000000800293c                TSC_IRQHandler
                0x000000000800293c                I2C1_IRQHandler
                0x000000000800293c                RCC_CRS_IRQHandler
                0x000000000800293c                SPI1_IRQHandler
                0x000000000800293c                EXTI2_3_IRQHandler
                0x000000000800293c                ADC1_IRQHandler
                0x000000000800293c                TIM17_IRQHandler
                0x000000000800293c                CEC_CAN_IRQHandler
                0x000000000800293c                RTC_IRQHandler
                0x000000000800293c                PVD_VDDIO2_IRQHandler
                0x000000000800293c                TIM16_IRQHandler
                0x000000000800293c                TIM3_IRQHandler
                0x000000000800293c                EXTI4_15_IRQHandler
                0x000000000800293c                DMA1_Channel1_IRQHandler
                0x000000000800293c                Default_Handler
                0x000000000800293c                TIM14_IRQHandler
                0x000000000800293c                EXTI0_1_IRQHandler
                0x000000000800293c                USB_IRQHandler
                0x000000000800293c                SPI2_IRQHandler
                0x000000000800293c                WWDG_IRQHandler
                0x000000000800293c                TIM2_IRQHandler
                0x000000000800293c                DMA1_Channel2_3_IRQHandler
                0x000000000800293c                USART2_IRQHandler
                0x000000000800293c                FLASH_IRQHandler
                0x000000000800293c                USART1_IRQHandler
                0x000000000800293c                TIM1_CC_IRQHandler
 *fill*         0x000000000800293e        0x2 
 .text.__libc_init_array
                0x0000000008002940       0x48 /Applications/Ac6/SystemWorkbench.app/Contents/Eclipse/plugins/fr.ac6.mcu.externaltools.arm-none.macos64_1.17.0.201812190825/tools/compiler/bin/../lib/gcc/arm-none-eabi/7.3.1/../../../../arm-none-eabi/lib/thumb/v6-m/libc_nano.a(lib_a-init.o)
                0x0000000008002940                __libc_init_array
 .text.memset   0x0000000008002988       0x10 /Applications/Ac6/SystemWorkbench.app/Contents/Eclipse/plugins/fr.ac6.mcu.externaltools.arm-none.macos64_1.17.0.201812190825/tools/compiler/bin/../lib/gcc/arm-none-eabi/7.3.1/../../../../arm-none-eabi/lib/thumb/v6-m/libc_nano.a(lib_a-memset.o)
                0x0000000008002988                memset
 *(.glue_7)
 .glue_7        0x0000000008002998        0x0 linker stubs
 *(.glue_7t)
 .glue_7t       0x0000000008002998        0x0 linker stubs
 *(.eh_frame)
 .eh_frame      0x0000000008002998        0x0 /Applications/Ac6/SystemWorkbench.app/Contents/Eclipse/plugins/fr.ac6.mcu.externaltools.arm-none.macos64_1.17.0.201812190825/tools/compiler/bin/../lib/gcc/arm-none-eabi/7.3.1/thumb/v6-m/crtbegin.o
 *(.init)
 .init          0x0000000008002998        0x4 /Applications/Ac6/SystemWorkbench.app/Contents/Eclipse/plugins/fr.ac6.mcu.externaltools.arm-none.macos64_1.17.0.201812190825/tools/compiler/bin/../lib/gcc/arm-none-eabi/7.3.1/thumb/v6-m/crti.o
                0x0000000008002998                _init
 .init          0x000000000800299c        0x8 /Applications/Ac6/SystemWorkbench.app/Contents/Eclipse/plugins/fr.ac6.mcu.externaltools.arm-none.macos64_1.17.0.201812190825/tools/compiler/bin/../lib/gcc/arm-none-eabi/7.3.1/thumb/v6-m/crtn.o
 *(.fini)
 .fini          0x00000000080029a4        0x4 /Applications/Ac6/SystemWorkbench.app/Contents/Eclipse/plugins/fr.ac6.mcu.externaltools.arm-none.macos64_1.17.0.201812190825/tools/compiler/bin/../lib/gcc/arm-none-eabi/7.3.1/thumb/v6-m/crti.o
                0x00000000080029a4                _fini
 .fini          0x00000000080029a8        0x8 /Applications/Ac6/SystemWorkbench.app/Contents/Eclipse/plugins/fr.ac6.mcu.externaltools.arm-none.macos64_1.17.0.201812190825/tools/compiler/bin/../lib/gcc/arm-none-eabi/7.3.1/thumb/v6-m/crtn.o
                0x00000000080029b0                . = ALIGN (0x4)
                0x00000000080029b0                _etext = .

.vfp11_veneer   0x00000000080029b0        0x0
 .vfp11_veneer  0x00000000080029b0        0x0 linker stubs

.v4_bx          0x00000000080029b0        0x0
 .v4_bx         0x00000000080029b0        0x0 linker stubs

.iplt           0x00000000080029b0        0x0
 .iplt          0x00000000080029b0        0x0 /Applications/Ac6/SystemWorkbench.app/Contents/Eclipse/plugins/fr.ac6.mcu.externaltools.arm-none.macos64_1.17.0.201812190825/tools/compiler/bin/../lib/gcc/arm-none-eabi/7.3.1/thumb/v6-m/crtbegin.o

.rodata         0x00000000080029b0       0x64
                0x00000000080029b0                . = ALIGN (0x4)
 *(.rodata)
 .rodata        0x00000000080029b0       0x20 Drivers/STM32F0xx_HAL_Driver/Src/stm32f0xx_hal_rcc.o
 .rodata        0x00000000080029d0        0x4 Drivers/STM32F0xx_HAL_Driver/Src/stm32f0xx_hal_uart.o
 .rodata        0x00000000080029d4       0x28 Src/main.o
 .rodata        0x00000000080029fc       0x18 Src/system_stm32f0xx.o
                0x00000000080029fc                AHBPrescTable
                0x0000000008002a0c                APBPrescTable
 *(.rodata*)
                0x0000000008002a14                . = ALIGN (0x4)

.rel.dyn        0x0000000008002a14        0x0
 .rel.iplt      0x0000000008002a14        0x0 /Applications/Ac6/SystemWorkbench.app/Contents/Eclipse/plugins/fr.ac6.mcu.externaltools.arm-none.macos64_1.17.0.201812190825/tools/compiler/bin/../lib/gcc/arm-none-eabi/7.3.1/thumb/v6-m/crtbegin.o

.ARM.extab
 *(.ARM.extab* .gnu.linkonce.armextab.*)

.ARM            0x0000000008002a14        0x0
                0x0000000008002a14                __exidx_start = .
 *(.ARM.exidx*)
                0x0000000008002a14                __exidx_end = .

.preinit_array  0x0000000008002a14        0x0
                0x0000000008002a14                PROVIDE (__preinit_array_start = .)
 *(.preinit_array*)
                0x0000000008002a14                PROVIDE (__preinit_array_end = .)

.init_array     0x0000000008002a14        0x4
                0x0000000008002a14                PROVIDE (__init_array_start = .)
 *(SORT_BY_NAME(.init_array.*))
 *(.init_array*)
 .init_array    0x0000000008002a14        0x4 /Applications/Ac6/SystemWorkbench.app/Contents/Eclipse/plugins/fr.ac6.mcu.externaltools.arm-none.macos64_1.17.0.201812190825/tools/compiler/bin/../lib/gcc/arm-none-eabi/7.3.1/thumb/v6-m/crtbegin.o
                0x0000000008002a18                PROVIDE (__init_array_end = .)

.fini_array     0x0000000008002a18        0x4
                [!provide]                        PROVIDE (__fini_array_start = .)
 *(SORT_BY_NAME(.fini_array.*))
 *(.fini_array*)
 .fini_array    0x0000000008002a18        0x4 /Applications/Ac6/SystemWorkbench.app/Contents/Eclipse/plugins/fr.ac6.mcu.externaltools.arm-none.macos64_1.17.0.201812190825/tools/compiler/bin/../lib/gcc/arm-none-eabi/7.3.1/thumb/v6-m/crtbegin.o
                [!provide]                        PROVIDE (__fini_array_end = .)
                0x0000000008002a1c                _sidata = LOADADDR (.data)

.data           0x0000000020000000        0xc load address 0x0000000008002a1c
                0x0000000020000000                . = ALIGN (0x4)
                0x0000000020000000                _sdata = .
 *(.data)
 .data          0x0000000020000000        0x8 Drivers/STM32F0xx_HAL_Driver/Src/stm32f0xx_hal.o
                0x0000000020000000                uwTickFreq
                0x0000000020000004                uwTickPrio
 .data          0x0000000020000008        0x4 Src/system_stm32f0xx.o
                0x0000000020000008                SystemCoreClock
 *(.data*)
                0x000000002000000c                . = ALIGN (0x4)
                0x000000002000000c                _edata = .

.igot.plt       0x000000002000000c        0x0 load address 0x0000000008002a28
 .igot.plt      0x000000002000000c        0x0 /Applications/Ac6/SystemWorkbench.app/Contents/Eclipse/plugins/fr.ac6.mcu.externaltools.arm-none.macos64_1.17.0.201812190825/tools/compiler/bin/../lib/gcc/arm-none-eabi/7.3.1/thumb/v6-m/crtbegin.o
                0x000000002000000c                . = ALIGN (0x4)

.bss            0x000000002000000c      0x188 load address 0x0000000008002a28
                0x000000002000000c                _sbss = .
                0x000000002000000c                __bss_start__ = _sbss
 *(.bss)
 .bss           0x000000002000000c       0x1c /Applications/Ac6/SystemWorkbench.app/Contents/Eclipse/plugins/fr.ac6.mcu.externaltools.arm-none.macos64_1.17.0.201812190825/tools/compiler/bin/../lib/gcc/arm-none-eabi/7.3.1/thumb/v6-m/crtbegin.o
 .bss           0x0000000020000028       0x64 Src/sk6812.o
                0x0000000020000028                rgb_arr
                0x0000000020000048                wr_buf_p
                0x000000002000004c                wr_buf
 *(.bss*)
 *(COMMON)
 COMMON         0x000000002000008c        0x4 Drivers/STM32F0xx_HAL_Driver/Src/stm32f0xx_hal.o
                0x000000002000008c                uwTick
 COMMON         0x0000000020000090      0x104 Src/main.o
                0x0000000020000090                hdma_tim2_ch1
                0x00000000200000d4                htim2
                0x0000000020000114                huart2
                0x0000000020000194                . = ALIGN (0x4)
                0x0000000020000194                _ebss = .
                0x0000000020000194                __bss_end__ = _ebss

._user_heap_stack
                0x0000000020000194      0x604 load address 0x0000000008002a28
                0x0000000020000198                . = ALIGN (0x8)
 *fill*         0x0000000020000194        0x4 
                0x0000000020000198                PROVIDE (end = .)
                [!provide]                        PROVIDE (_end = .)
                0x0000000020000398                . = (. + _Min_Heap_Size)
 *fill*         0x0000000020000198      0x200 
                0x0000000020000798                . = (. + _Min_Stack_Size)
 *fill*         0x0000000020000398      0x400 
                0x0000000020000798                . = ALIGN (0x8)

/DISCARD/
 libc.a(*)
 libm.a(*)
 libgcc.a(*)

.ARM.attributes
                0x0000000000000000       0x28
 *(.ARM.attributes)
 .ARM.attributes
                0x0000000000000000       0x1e /Applications/Ac6/SystemWorkbench.app/Contents/Eclipse/plugins/fr.ac6.mcu.externaltools.arm-none.macos64_1.17.0.201812190825/tools/compiler/bin/../lib/gcc/arm-none-eabi/7.3.1/thumb/v6-m/crti.o
 .ARM.attributes
                0x000000000000001e       0x2c /Applications/Ac6/SystemWorkbench.app/Contents/Eclipse/plugins/fr.ac6.mcu.externaltools.arm-none.macos64_1.17.0.201812190825/tools/compiler/bin/../lib/gcc/arm-none-eabi/7.3.1/thumb/v6-m/crtbegin.o
 .ARM.attributes
                0x000000000000004a       0x31 Drivers/STM32F0xx_HAL_Driver/Src/stm32f0xx_hal.o
 .ARM.attributes
                0x000000000000007b       0x31 Drivers/STM32F0xx_HAL_Driver/Src/stm32f0xx_hal_cortex.o
 .ARM.attributes
                0x00000000000000ac       0x31 Drivers/STM32F0xx_HAL_Driver/Src/stm32f0xx_hal_dma.o
 .ARM.attributes
                0x00000000000000dd       0x31 Drivers/STM32F0xx_HAL_Driver/Src/stm32f0xx_hal_gpio.o
 .ARM.attributes
                0x000000000000010e       0x31 Drivers/STM32F0xx_HAL_Driver/Src/stm32f0xx_hal_rcc.o
 .ARM.attributes
                0x000000000000013f       0x31 Drivers/STM32F0xx_HAL_Driver/Src/stm32f0xx_hal_tim.o
 .ARM.attributes
                0x0000000000000170       0x31 Drivers/STM32F0xx_HAL_Driver/Src/stm32f0xx_hal_tim_ex.o
 .ARM.attributes
                0x00000000000001a1       0x31 Drivers/STM32F0xx_HAL_Driver/Src/stm32f0xx_hal_uart.o
 .ARM.attributes
                0x00000000000001d2       0x31 Src/main.o
 .ARM.attributes
                0x0000000000000203       0x31 Src/sk6812.o
 .ARM.attributes
                0x0000000000000234       0x31 Src/stm32f0xx_hal_msp.o
 .ARM.attributes
                0x0000000000000265       0x31 Src/stm32f0xx_it.o
 .ARM.attributes
                0x0000000000000296       0x31 Src/system_stm32f0xx.o
 .ARM.attributes
                0x00000000000002c7       0x21 startup/startup_stm32f042x6.o
 .ARM.attributes
                0x00000000000002e8       0x1e /Applications/Ac6/SystemWorkbench.app/Contents/Eclipse/plugins/fr.ac6.mcu.externaltools.arm-none.macos64_1.17.0.201812190825/tools/compiler/bin/../lib/gcc/arm-none-eabi/7.3.1/thumb/v6-m/libgcc.a(_udivsi3.o)
 .ARM.attributes
                0x0000000000000306       0x1e /Applications/Ac6/SystemWorkbench.app/Contents/Eclipse/plugins/fr.ac6.mcu.externaltools.arm-none.macos64_1.17.0.201812190825/tools/compiler/bin/../lib/gcc/arm-none-eabi/7.3.1/thumb/v6-m/libgcc.a(_dvmd_tls.o)
 .ARM.attributes
                0x0000000000000324       0x2c /Applications/Ac6/SystemWorkbench.app/Contents/Eclipse/plugins/fr.ac6.mcu.externaltools.arm-none.macos64_1.17.0.201812190825/tools/compiler/bin/../lib/gcc/arm-none-eabi/7.3.1/../../../../arm-none-eabi/lib/thumb/v6-m/libc_nano.a(lib_a-init.o)
 .ARM.attributes
                0x0000000000000350       0x2c /Applications/Ac6/SystemWorkbench.app/Contents/Eclipse/plugins/fr.ac6.mcu.externaltools.arm-none.macos64_1.17.0.201812190825/tools/compiler/bin/../lib/gcc/arm-none-eabi/7.3.1/../../../../arm-none-eabi/lib/thumb/v6-m/libc_nano.a(lib_a-memset.o)
 .ARM.attributes
                0x000000000000037c       0x1e /Applications/Ac6/SystemWorkbench.app/Contents/Eclipse/plugins/fr.ac6.mcu.externaltools.arm-none.macos64_1.17.0.201812190825/tools/compiler/bin/../lib/gcc/arm-none-eabi/7.3.1/thumb/v6-m/crtn.o
OUTPUT(STM32_Digital_RGBW_LED.elf elf32-littlearm)

.debug_info     0x0000000000000000     0xd456
 .debug_info    0x0000000000000000      0x749 Drivers/STM32F0xx_HAL_Driver/Src/stm32f0xx_hal.o
 .debug_info    0x0000000000000749      0x85c Drivers/STM32F0xx_HAL_Driver/Src/stm32f0xx_hal_cortex.o
 .debug_info    0x0000000000000fa5      0x89f Drivers/STM32F0xx_HAL_Driver/Src/stm32f0xx_hal_dma.o
 .debug_info    0x0000000000001844      0x685 Drivers/STM32F0xx_HAL_Driver/Src/stm32f0xx_hal_gpio.o
 .debug_info    0x0000000000001ec9      0xa86 Drivers/STM32F0xx_HAL_Driver/Src/stm32f0xx_hal_rcc.o
 .debug_info    0x000000000000294f     0x3f4a Drivers/STM32F0xx_HAL_Driver/Src/stm32f0xx_hal_tim.o
 .debug_info    0x0000000000006899     0x14b2 Drivers/STM32F0xx_HAL_Driver/Src/stm32f0xx_hal_tim_ex.o
 .debug_info    0x0000000000007d4b     0x2474 Drivers/STM32F0xx_HAL_Driver/Src/stm32f0xx_hal_uart.o
 .debug_info    0x000000000000a1bf     0x1378 Src/main.o
 .debug_info    0x000000000000b537      0xb34 Src/sk6812.o
 .debug_info    0x000000000000c06b      0xd39 Src/stm32f0xx_hal_msp.o
 .debug_info    0x000000000000cda4      0x3ee Src/stm32f0xx_it.o
 .debug_info    0x000000000000d192      0x2a2 Src/system_stm32f0xx.o
 .debug_info    0x000000000000d434       0x22 startup/startup_stm32f042x6.o

.debug_abbrev   0x0000000000000000     0x201b
 .debug_abbrev  0x0000000000000000      0x26b Drivers/STM32F0xx_HAL_Driver/Src/stm32f0xx_hal.o
 .debug_abbrev  0x000000000000026b      0x272 Drivers/STM32F0xx_HAL_Driver/Src/stm32f0xx_hal_cortex.o
 .debug_abbrev  0x00000000000004dd      0x240 Drivers/STM32F0xx_HAL_Driver/Src/stm32f0xx_hal_dma.o
 .debug_abbrev  0x000000000000071d      0x1eb Drivers/STM32F0xx_HAL_Driver/Src/stm32f0xx_hal_gpio.o
 .debug_abbrev  0x0000000000000908      0x2cd Drivers/STM32F0xx_HAL_Driver/Src/stm32f0xx_hal_rcc.o
 .debug_abbrev  0x0000000000000bd5      0x333 Drivers/STM32F0xx_HAL_Driver/Src/stm32f0xx_hal_tim.o
 .debug_abbrev  0x0000000000000f08      0x30e Drivers/STM32F0xx_HAL_Driver/Src/stm32f0xx_hal_tim_ex.o
 .debug_abbrev  0x0000000000001216      0x360 Drivers/STM32F0xx_HAL_Driver/Src/stm32f0xx_hal_uart.o
 .debug_abbrev  0x0000000000001576      0x323 Src/main.o
 .debug_abbrev  0x0000000000001899      0x2c9 Src/sk6812.o
 .debug_abbrev  0x0000000000001b62      0x1e5 Src/stm32f0xx_hal_msp.o
 .debug_abbrev  0x0000000000001d47      0x197 Src/stm32f0xx_it.o
 .debug_abbrev  0x0000000000001ede      0x12b Src/system_stm32f0xx.o
 .debug_abbrev  0x0000000000002009       0x12 startup/startup_stm32f042x6.o

.debug_loc      0x0000000000000000     0xafd6
 .debug_loc     0x0000000000000000       0xfa Drivers/STM32F0xx_HAL_Driver/Src/stm32f0xx_hal.o
 .debug_loc     0x00000000000000fa      0x389 Drivers/STM32F0xx_HAL_Driver/Src/stm32f0xx_hal_cortex.o
 .debug_loc     0x0000000000000483      0x8fe Drivers/STM32F0xx_HAL_Driver/Src/stm32f0xx_hal_dma.o
 .debug_loc     0x0000000000000d81      0x445 Drivers/STM32F0xx_HAL_Driver/Src/stm32f0xx_hal_gpio.o
 .debug_loc     0x00000000000011c6      0x606 Drivers/STM32F0xx_HAL_Driver/Src/stm32f0xx_hal_rcc.o
 .debug_loc     0x00000000000017cc     0x5dd5 Drivers/STM32F0xx_HAL_Driver/Src/stm32f0xx_hal_tim.o
 .debug_loc     0x00000000000075a1     0x107c Drivers/STM32F0xx_HAL_Driver/Src/stm32f0xx_hal_tim_ex.o
 .debug_loc     0x000000000000861d     0x2108 Drivers/STM32F0xx_HAL_Driver/Src/stm32f0xx_hal_uart.o
 .debug_loc     0x000000000000a725      0x1c1 Src/main.o
 .debug_loc     0x000000000000a8e6      0x4c4 Src/sk6812.o
 .debug_loc     0x000000000000adaa      0x124 Src/stm32f0xx_hal_msp.o
 .debug_loc     0x000000000000aece      0x108 Src/system_stm32f0xx.o

.debug_aranges  0x0000000000000000      0x8f0
 .debug_aranges
                0x0000000000000000       0xc8 Drivers/STM32F0xx_HAL_Driver/Src/stm32f0xx_hal.o
 .debug_aranges
                0x00000000000000c8       0x78 Drivers/STM32F0xx_HAL_Driver/Src/stm32f0xx_hal_cortex.o
 .debug_aranges
                0x0000000000000140       0x78 Drivers/STM32F0xx_HAL_Driver/Src/stm32f0xx_hal_dma.o
 .debug_aranges
                0x00000000000001b8       0x58 Drivers/STM32F0xx_HAL_Driver/Src/stm32f0xx_hal_gpio.o
 .debug_aranges
                0x0000000000000210       0x80 Drivers/STM32F0xx_HAL_Driver/Src/stm32f0xx_hal_rcc.o
 .debug_aranges
                0x0000000000000290      0x268 Drivers/STM32F0xx_HAL_Driver/Src/stm32f0xx_hal_tim.o
 .debug_aranges
                0x00000000000004f8       0xf0 Drivers/STM32F0xx_HAL_Driver/Src/stm32f0xx_hal_tim_ex.o
 .debug_aranges
                0x00000000000005e8      0x1b0 Drivers/STM32F0xx_HAL_Driver/Src/stm32f0xx_hal_uart.o
 .debug_aranges
                0x0000000000000798       0x38 Src/main.o
 .debug_aranges
                0x00000000000007d0       0x50 Src/sk6812.o
 .debug_aranges
                0x0000000000000820       0x48 Src/stm32f0xx_hal_msp.o
 .debug_aranges
                0x0000000000000868       0x38 Src/stm32f0xx_it.o
 .debug_aranges
                0x00000000000008a0       0x28 Src/system_stm32f0xx.o
 .debug_aranges
                0x00000000000008c8       0x28 startup/startup_stm32f042x6.o

.debug_ranges   0x0000000000000000     0x1988
 .debug_ranges  0x0000000000000000       0xb8 Drivers/STM32F0xx_HAL_Driver/Src/stm32f0xx_hal.o
 .debug_ranges  0x00000000000000b8       0xd0 Drivers/STM32F0xx_HAL_Driver/Src/stm32f0xx_hal_cortex.o
 .debug_ranges  0x0000000000000188      0x110 Drivers/STM32F0xx_HAL_Driver/Src/stm32f0xx_hal_dma.o
 .debug_ranges  0x0000000000000298       0x88 Drivers/STM32F0xx_HAL_Driver/Src/stm32f0xx_hal_gpio.o
 .debug_ranges  0x0000000000000320      0x108 Drivers/STM32F0xx_HAL_Driver/Src/stm32f0xx_hal_rcc.o
 .debug_ranges  0x0000000000000428      0x8a8 Drivers/STM32F0xx_HAL_Driver/Src/stm32f0xx_hal_tim.o
 .debug_ranges  0x0000000000000cd0      0x158 Drivers/STM32F0xx_HAL_Driver/Src/stm32f0xx_hal_tim_ex.o
 .debug_ranges  0x0000000000000e28      0x760 Drivers/STM32F0xx_HAL_Driver/Src/stm32f0xx_hal_uart.o
 .debug_ranges  0x0000000000001588      0x150 Src/main.o
 .debug_ranges  0x00000000000016d8      0x170 Src/sk6812.o
 .debug_ranges  0x0000000000001848       0xe0 Src/stm32f0xx_hal_msp.o
 .debug_ranges  0x0000000000001928       0x28 Src/stm32f0xx_it.o
 .debug_ranges  0x0000000000001950       0x18 Src/system_stm32f0xx.o
 .debug_ranges  0x0000000000001968       0x20 startup/startup_stm32f042x6.o

.debug_macro    0x0000000000000000    0x14b03
 .debug_macro   0x0000000000000000      0x1dc Drivers/STM32F0xx_HAL_Driver/Src/stm32f0xx_hal.o
 .debug_macro   0x00000000000001dc      0xa42 Drivers/STM32F0xx_HAL_Driver/Src/stm32f0xx_hal.o
 .debug_macro   0x0000000000000c1e      0x133 Drivers/STM32F0xx_HAL_Driver/Src/stm32f0xx_hal.o
 .debug_macro   0x0000000000000d51       0x2e Drivers/STM32F0xx_HAL_Driver/Src/stm32f0xx_hal.o
 .debug_macro   0x0000000000000d7f       0x22 Drivers/STM32F0xx_HAL_Driver/Src/stm32f0xx_hal.o
 .debug_macro   0x0000000000000da1       0x22 Drivers/STM32F0xx_HAL_Driver/Src/stm32f0xx_hal.o
 .debug_macro   0x0000000000000dc3       0x8e Drivers/STM32F0xx_HAL_Driver/Src/stm32f0xx_hal.o
 .debug_macro   0x0000000000000e51       0x51 Drivers/STM32F0xx_HAL_Driver/Src/stm32f0xx_hal.o
 .debug_macro   0x0000000000000ea2       0xef Drivers/STM32F0xx_HAL_Driver/Src/stm32f0xx_hal.o
 .debug_macro   0x0000000000000f91       0x6a Drivers/STM32F0xx_HAL_Driver/Src/stm32f0xx_hal.o
 .debug_macro   0x0000000000000ffb      0x1df Drivers/STM32F0xx_HAL_Driver/Src/stm32f0xx_hal.o
 .debug_macro   0x00000000000011da       0x1c Drivers/STM32F0xx_HAL_Driver/Src/stm32f0xx_hal.o
 .debug_macro   0x00000000000011f6       0x22 Drivers/STM32F0xx_HAL_Driver/Src/stm32f0xx_hal.o
 .debug_macro   0x0000000000001218       0xb5 Drivers/STM32F0xx_HAL_Driver/Src/stm32f0xx_hal.o
 .debug_macro   0x00000000000012cd      0x391 Drivers/STM32F0xx_HAL_Driver/Src/stm32f0xx_hal.o
 .debug_macro   0x000000000000165e     0xf1e6 Drivers/STM32F0xx_HAL_Driver/Src/stm32f0xx_hal.o
 .debug_macro   0x0000000000010844       0x3c Drivers/STM32F0xx_HAL_Driver/Src/stm32f0xx_hal.o
 .debug_macro   0x0000000000010880      0x174 Drivers/STM32F0xx_HAL_Driver/Src/stm32f0xx_hal.o
 .debug_macro   0x00000000000109f4       0x53 Drivers/STM32F0xx_HAL_Driver/Src/stm32f0xx_hal.o
 .debug_macro   0x0000000000010a47      0x946 Drivers/STM32F0xx_HAL_Driver/Src/stm32f0xx_hal.o
 .debug_macro   0x000000000001138d      0x46b Drivers/STM32F0xx_HAL_Driver/Src/stm32f0xx_hal.o
 .debug_macro   0x00000000000117f8      0x12f Drivers/STM32F0xx_HAL_Driver/Src/stm32f0xx_hal.o
 .debug_macro   0x0000000000011927      0x130 Drivers/STM32F0xx_HAL_Driver/Src/stm32f0xx_hal.o
 .debug_macro   0x0000000000011a57      0x199 Drivers/STM32F0xx_HAL_Driver/Src/stm32f0xx_hal.o
 .debug_macro   0x0000000000011bf0      0x1ed Drivers/STM32F0xx_HAL_Driver/Src/stm32f0xx_hal.o
 .debug_macro   0x0000000000011ddd       0x34 Drivers/STM32F0xx_HAL_Driver/Src/stm32f0xx_hal.o
 .debug_macro   0x0000000000011e11       0x43 Drivers/STM32F0xx_HAL_Driver/Src/stm32f0xx_hal.o
 .debug_macro   0x0000000000011e54       0x28 Drivers/STM32F0xx_HAL_Driver/Src/stm32f0xx_hal.o
 .debug_macro   0x0000000000011e7c       0xb0 Drivers/STM32F0xx_HAL_Driver/Src/stm32f0xx_hal.o
 .debug_macro   0x0000000000011f2c      0x182 Drivers/STM32F0xx_HAL_Driver/Src/stm32f0xx_hal.o
 .debug_macro   0x00000000000120ae      0x22c Drivers/STM32F0xx_HAL_Driver/Src/stm32f0xx_hal.o
 .debug_macro   0x00000000000122da       0x5f Drivers/STM32F0xx_HAL_Driver/Src/stm32f0xx_hal.o
 .debug_macro   0x0000000000012339       0xa5 Drivers/STM32F0xx_HAL_Driver/Src/stm32f0xx_hal.o
 .debug_macro   0x00000000000123de       0x4c Drivers/STM32F0xx_HAL_Driver/Src/stm32f0xx_hal.o
 .debug_macro   0x000000000001242a      0x15b Drivers/STM32F0xx_HAL_Driver/Src/stm32f0xx_hal.o
 .debug_macro   0x0000000000012585      0x8ae Drivers/STM32F0xx_HAL_Driver/Src/stm32f0xx_hal.o
 .debug_macro   0x0000000000012e33       0x28 Drivers/STM32F0xx_HAL_Driver/Src/stm32f0xx_hal.o
 .debug_macro   0x0000000000012e5b      0x589 Drivers/STM32F0xx_HAL_Driver/Src/stm32f0xx_hal.o
 .debug_macro   0x00000000000133e4       0x44 Drivers/STM32F0xx_HAL_Driver/Src/stm32f0xx_hal.o
 .debug_macro   0x0000000000013428      0x12e Drivers/STM32F0xx_HAL_Driver/Src/stm32f0xx_hal.o
 .debug_macro   0x0000000000013556      0x1b8 Drivers/STM32F0xx_HAL_Driver/Src/stm32f0xx_hal_cortex.o
 .debug_macro   0x000000000001370e      0x1b8 Drivers/STM32F0xx_HAL_Driver/Src/stm32f0xx_hal_dma.o
 .debug_macro   0x00000000000138c6      0x1f0 Drivers/STM32F0xx_HAL_Driver/Src/stm32f0xx_hal_gpio.o
 .debug_macro   0x0000000000013ab6      0x1ca Drivers/STM32F0xx_HAL_Driver/Src/stm32f0xx_hal_rcc.o
 .debug_macro   0x0000000000013c80      0x1b9 Drivers/STM32F0xx_HAL_Driver/Src/stm32f0xx_hal_tim.o
 .debug_macro   0x0000000000013e39      0x1b8 Drivers/STM32F0xx_HAL_Driver/Src/stm32f0xx_hal_tim_ex.o
 .debug_macro   0x0000000000013ff1      0x1d5 Drivers/STM32F0xx_HAL_Driver/Src/stm32f0xx_hal_uart.o
 .debug_macro   0x00000000000141c6      0x1d1 Src/main.o
 .debug_macro   0x0000000000014397       0x40 Src/main.o
 .debug_macro   0x00000000000143d7      0x1dc Src/sk6812.o
 .debug_macro   0x00000000000145b3      0x1c7 Src/stm32f0xx_hal_msp.o
 .debug_macro   0x000000000001477a      0x1d1 Src/stm32f0xx_it.o
 .debug_macro   0x000000000001494b      0x1b8 Src/system_stm32f0xx.o

.debug_line     0x0000000000000000     0x9c54
 .debug_line    0x0000000000000000      0x909 Drivers/STM32F0xx_HAL_Driver/Src/stm32f0xx_hal.o
 .debug_line    0x0000000000000909      0x8c9 Drivers/STM32F0xx_HAL_Driver/Src/stm32f0xx_hal_cortex.o
 .debug_line    0x00000000000011d2      0xa6b Drivers/STM32F0xx_HAL_Driver/Src/stm32f0xx_hal_dma.o
 .debug_line    0x0000000000001c3d      0x8c5 Drivers/STM32F0xx_HAL_Driver/Src/stm32f0xx_hal_gpio.o
 .debug_line    0x0000000000002502      0xb3a Drivers/STM32F0xx_HAL_Driver/Src/stm32f0xx_hal_rcc.o
 .debug_line    0x000000000000303c     0x1e05 Drivers/STM32F0xx_HAL_Driver/Src/stm32f0xx_hal_tim.o
 .debug_line    0x0000000000004e41      0xc99 Drivers/STM32F0xx_HAL_Driver/Src/stm32f0xx_hal_tim_ex.o
 .debug_line    0x0000000000005ada     0x18ed Drivers/STM32F0xx_HAL_Driver/Src/stm32f0xx_hal_uart.o
 .debug_line    0x00000000000073c7      0x850 Src/main.o
 .debug_line    0x0000000000007c17      0x8c0 Src/sk6812.o
 .debug_line    0x00000000000084d7      0x817 Src/stm32f0xx_hal_msp.o
 .debug_line    0x0000000000008cee      0x776 Src/stm32f0xx_it.o
 .debug_line    0x0000000000009464      0x75c Src/system_stm32f0xx.o
 .debug_line    0x0000000000009bc0       0x94 startup/startup_stm32f042x6.o

.debug_str      0x0000000000000000    0x74752
 .debug_str     0x0000000000000000    0x717e0 Drivers/STM32F0xx_HAL_Driver/Src/stm32f0xx_hal.o
                                      0x71a3b (size before relaxing)
 .debug_str     0x00000000000717e0      0x1f8 Drivers/STM32F0xx_HAL_Driver/Src/stm32f0xx_hal_cortex.o
                                      0x718c7 (size before relaxing)
 .debug_str     0x00000000000719d8      0x3f9 Drivers/STM32F0xx_HAL_Driver/Src/stm32f0xx_hal_dma.o
                                      0x718cd (size before relaxing)
 .debug_str     0x0000000000071dd1      0x294 Drivers/STM32F0xx_HAL_Driver/Src/stm32f0xx_hal_gpio.o
                                      0x71785 (size before relaxing)
 .debug_str     0x0000000000072065      0x372 Drivers/STM32F0xx_HAL_Driver/Src/stm32f0xx_hal_rcc.o
                                      0x71925 (size before relaxing)
 .debug_str     0x00000000000723d7     0x1041 Drivers/STM32F0xx_HAL_Driver/Src/stm32f0xx_hal_tim.o
                                      0x72735 (size before relaxing)
 .debug_str     0x0000000000073418      0x548 Drivers/STM32F0xx_HAL_Driver/Src/stm32f0xx_hal_tim_ex.o
                                      0x71f01 (size before relaxing)
 .debug_str     0x0000000000073960      0x9f0 Drivers/STM32F0xx_HAL_Driver/Src/stm32f0xx_hal_uart.o
                                      0x72192 (size before relaxing)
 .debug_str     0x0000000000074350      0x1ec Src/main.o
                                      0x72114 (size before relaxing)
 .debug_str     0x000000000007453c       0xe7 Src/sk6812.o
                                      0x719a3 (size before relaxing)
 .debug_str     0x0000000000074623       0x35 Src/stm32f0xx_hal_msp.o
                                      0x71cc7 (size before relaxing)
 .debug_str     0x0000000000074658       0x71 Src/stm32f0xx_it.o
                                      0x717ab (size before relaxing)
 .debug_str     0x00000000000746c9       0x5a Src/system_stm32f0xx.o
                                      0x714e4 (size before relaxing)
 .debug_str     0x0000000000074723       0x2f startup/startup_stm32f042x6.o
                                         0x6e (size before relaxing)

.comment        0x0000000000000000       0x7f
 .comment       0x0000000000000000       0x7f Drivers/STM32F0xx_HAL_Driver/Src/stm32f0xx_hal.o
                                         0x80 (size before relaxing)
 .comment       0x000000000000007f       0x80 Drivers/STM32F0xx_HAL_Driver/Src/stm32f0xx_hal_cortex.o
 .comment       0x000000000000007f       0x80 Drivers/STM32F0xx_HAL_Driver/Src/stm32f0xx_hal_dma.o
 .comment       0x000000000000007f       0x80 Drivers/STM32F0xx_HAL_Driver/Src/stm32f0xx_hal_gpio.o
 .comment       0x000000000000007f       0x80 Drivers/STM32F0xx_HAL_Driver/Src/stm32f0xx_hal_rcc.o
 .comment       0x000000000000007f       0x80 Drivers/STM32F0xx_HAL_Driver/Src/stm32f0xx_hal_tim.o
 .comment       0x000000000000007f       0x80 Drivers/STM32F0xx_HAL_Driver/Src/stm32f0xx_hal_tim_ex.o
 .comment       0x000000000000007f       0x80 Drivers/STM32F0xx_HAL_Driver/Src/stm32f0xx_hal_uart.o
 .comment       0x000000000000007f       0x80 Src/main.o
 .comment       0x000000000000007f       0x80 Src/sk6812.o
 .comment       0x000000000000007f       0x80 Src/stm32f0xx_hal_msp.o
 .comment       0x000000000000007f       0x80 Src/stm32f0xx_it.o
 .comment       0x000000000000007f       0x80 Src/system_stm32f0xx.o

.debug_frame    0x0000000000000000     0x1c04
 .debug_frame   0x0000000000000000      0x1b4 Drivers/STM32F0xx_HAL_Driver/Src/stm32f0xx_hal.o
 .debug_frame   0x00000000000001b4       0xec Drivers/STM32F0xx_HAL_Driver/Src/stm32f0xx_hal_cortex.o
 .debug_frame   0x00000000000002a0      0x150 Drivers/STM32F0xx_HAL_Driver/Src/stm32f0xx_hal_dma.o
 .debug_frame   0x00000000000003f0       0xd4 Drivers/STM32F0xx_HAL_Driver/Src/stm32f0xx_hal_gpio.o
 .debug_frame   0x00000000000004c4      0x150 Drivers/STM32F0xx_HAL_Driver/Src/stm32f0xx_hal_rcc.o
 .debug_frame   0x0000000000000614      0x94c Drivers/STM32F0xx_HAL_Driver/Src/stm32f0xx_hal_tim.o
 .debug_frame   0x0000000000000f60      0x33c Drivers/STM32F0xx_HAL_Driver/Src/stm32f0xx_hal_tim_ex.o
 .debug_frame   0x000000000000129c      0x61c Drivers/STM32F0xx_HAL_Driver/Src/stm32f0xx_hal_uart.o
 .debug_frame   0x00000000000018b8       0x80 Src/main.o
 .debug_frame   0x0000000000001938       0xfc Src/sk6812.o
 .debug_frame   0x0000000000001a34       0xa8 Src/stm32f0xx_hal_msp.o
 .debug_frame   0x0000000000001adc       0x80 Src/stm32f0xx_it.o
 .debug_frame   0x0000000000001b5c       0x3c Src/system_stm32f0xx.o
 .debug_frame   0x0000000000001b98       0x20 /Applications/Ac6/SystemWorkbench.app/Contents/Eclipse/plugins/fr.ac6.mcu.externaltools.arm-none.macos64_1.17.0.201812190825/tools/compiler/bin/../lib/gcc/arm-none-eabi/7.3.1/thumb/v6-m/libgcc.a(_udivsi3.o)
 .debug_frame   0x0000000000001bb8       0x2c /Applications/Ac6/SystemWorkbench.app/Contents/Eclipse/plugins/fr.ac6.mcu.externaltools.arm-none.macos64_1.17.0.201812190825/tools/compiler/bin/../lib/gcc/arm-none-eabi/7.3.1/../../../../arm-none-eabi/lib/thumb/v6-m/libc_nano.a(lib_a-init.o)
 .debug_frame   0x0000000000001be4       0x20 /Applications/Ac6/SystemWorkbench.app/Contents/Eclipse/plugins/fr.ac6.mcu.externaltools.arm-none.macos64_1.17.0.201812190825/tools/compiler/bin/../lib/gcc/arm-none-eabi/7.3.1/../../../../arm-none-eabi/lib/thumb/v6-m/libc_nano.a(lib_a-memset.o)
